Python is working!